<html><body>
<p>ID: fd3d88d3-a1e2-4d52-9946-65f58089ed9a, 
    state: DOING,
    assignee: 22283ca9-1c8f-47ec-b738-77ce22539609,
    title: this is a title
    
    </p>
<ul>
        <li>tag1</li>
<li>tag2</li>
<li>tag3</li>
    </ul>
</body></html>
