<html><body>
<p>ID: abd886fa-2546-4ec2-ab99-a6e8cbb01b63, 
    state: DOING,
    assignee: 7e78fb68-bbdc-43e9-9bbf-797dc64c69e1,
    title: this is a title
    
    </p>
<ul>
        <li>tag1</li>
<li>tag2</li>
    </ul>
    ID: c2173f52-bc41-40b0-a159-d648037ecf0c, 
    state: DONE,
    assignee: 2f152787-142c-41ae-a5c9-253b1f39d827,
    title: this is an title
    
    <ul>
        <li>tag3</li>
<li>tag2</li>
    </ul>
</body></html>
