{
    "token": "xGl8rnQidHJ0ih37Svzknzu4ZkXiuhmNDP6EqL7X2fnT0EIBvmnXWtAZVBt\/8ESoNZmswKhXniyPU9DHGmIR9Q=="
}
