{
    "userId": "01913763-3947-73e2-9406-b7efbcf560b3",
    "username": "ramona"
}
