{
    "id": "01913564-5b13-7867-93bc-fcb4649456f1",
    "status": "STARTED",
    "title": "Some title",
    "assigneeId": null,
    "assigneeName": null,
    "tags": [
        "tag1",
        "tag2"
    ],
    "deadline": null,
    "timeRecords": []
}
